{
    "Version" : "2012-10-17",
    "Statement" : [
        {
            "Sid" : "<sid>",
            "Effect" : "Allow",
            "Principal" : {
                "AWS" : "*"
            },
            "Action"    : "sqs:SendMessage",
            "Resource"  : "arn:aws:sqs:us-east-1:000000000000:<unique-name>",
            "Condition" : {
                "ArnLike" : {
                    "aws:SourceArn" : "arn:aws:sns:us-east-1:000000000000:<unique-name>-topic"
                }
            }
        }
    ]
}